// Vitest Snapshot v1, https://vitest.dev/guide/snapshot.html

exports[`genFeatureTypes > should generate correct TypeScript output for browser 1`] = `
"// DO NOT EDIT THIS FILE. IT IS GENERATED BY THE BUCKET CLI AND WILL BE OVERWRITTEN.

export const generatedFeatures: string[];
export interface GeneratedFeatureTypes {
  "feat-1": {
    key: "feat-1", 
    access: true, 
    config: undefined
  }, 
  "FEAT URE2": {
    key: "FEAT URE2", 
    access: false, 
    config: string
  }, 
  feature3: {
    key: "feature3", 
    access: true, 
    config: {
      aiModel: string, 
      prompt: string
    }
  }
}"
`;

exports[`genFeatureTypes > should generate correct TypeScript output for react 1`] = `
"// DO NOT EDIT THIS FILE. IT IS GENERATED BY THE BUCKET CLI AND WILL BE OVERWRITTEN.

export const generatedFeatures: string[];
export interface GeneratedFeatureTypes {
  "feat-1": {
    key: "feat-1", 
    access: true, 
    config: undefined
  }, 
  "FEAT URE2": {
    key: "FEAT URE2", 
    access: false, 
    config: string
  }, 
  feature3: {
    key: "feature3", 
    access: true, 
    config: {
      aiModel: string, 
      prompt: string
    }
  }
}"
`;
